// Jest Snapshot v1, https://goo.gl/fbAQLP

exports[`renders correctly 1`] = `
.c3 {
  color: inherit;
  font-family: 'Ringside Compressed A','Ringside Compressed B','Helvetica',sans-serif;
  font-size: 40px;
  font-weight: bold;
  -webkit-letter-spacing: 0;
  -moz-letter-spacing: 0;
  -ms-letter-spacing: 0;
  letter-spacing: 0;
  line-height: 0.9;
  text-transform: uppercase;
}

.c0 {
  margin: auto;
  max-width: 1150px;
}

.c1 {
  background: #232444;
  color: #fff;
  padding: 32px 32px;
}

.c2 {
  margin: 0 0 24px;
}

.c4 {
  font-size: 18px;
  line-height: 1.4;
  margin: 0 0 24px;
}

.c5 {
  margin: -32px 32px 0;
}

.c6 {
  max-width: 100%;
}

@media (min-width:1024px) {
  .c3 {
    font-size: 72px;
    -webkit-letter-spacing: -0.38px;
    -moz-letter-spacing: -0.38px;
    -ms-letter-spacing: -0.38px;
    letter-spacing: -0.38px;
  }
}

@media (min-width:768px) {
  .c0 {
    display: -webkit-box;
    display: -webkit-flex;
    display: -ms-flexbox;
    display: flex;
    -webkit-flex-direction: row-reverse;
    -ms-flex-direction: row-reverse;
    flex-direction: row-reverse;
  }
}

@media (min-width:768px) {
  .c1 {
    padding: 32px;
    width: 33.333%;
  }
}

@media (min-width:768px) {
  .c5 {
    background-image: url(https://images.ctfassets.net/4ubxbgy9463z/3lPcBr8shu5sKGj0i2ZDRd/54437e08b70b346b42fbfbf2c1170dfd/new-hampshire.jpg?w=767);
    background-position: center;
    background-repeat: no-repeat;
    background-size: cover;
    display: -webkit-box;
    display: -webkit-flex;
    display: -ms-flexbox;
    display: flex;
    margin: 0;
    min-height: 300px;
    width: 66.667%;
  }
}

@media (min-width:768px) {
  .c6 {
    display: none;
  }
}

<div
  className="c0"
>
  <div
    className="c1"
  >
    <h1
      className="c2 c3"
      size="lg"
    >
      Pledge to vote
    </h1>
    <p
      className="c4"
    >
      We are happy to have you in this fight. Thank you for committing to vote for Elizabeth in the New Hampshire primary!
    </p>
  </div>
  <div
    className="c5"
  >
    <img
      alt=""
      className="c6"
      src="https://images.ctfassets.net/4ubxbgy9463z/3lPcBr8shu5sKGj0i2ZDRd/54437e08b70b346b42fbfbf2c1170dfd/new-hampshire.jpg?w=767"
    />
  </div>
</div>
`;
